Directly fetching data from NSE to verify logic...
Fetching NIFTY option chain from: https://www.nseindia.com/api/option-chain-indices?symbol=NIFTY
  FAILED: No data returned

Fetching RELIANCE equity F&O from: https://www.nseindia.com/api/option-chain-equities?symbol=RELIANCE
  FAILED: No data returned
